// Jest Snapshot v1, https://goo.gl/fbAQLP

exports[`ColorGroup component renders Color component correctly 1`] = `
<div>
  <div
    class="chakra-stack css-8g8ihq"
    role="radiogroup"
  >
    <p
      class="chakra-text css-1f7e0rw"
    >
      Choose a Color
    </p>
    <div
      class="chakra-stack css-1igwmid"
    >
      <label
        class="css-4g6ai3"
      >
        <input
          hidden=""
        />
        <div
          class="css-dmcr11"
        >
          <div
            aria-label=""
            class="css-1icq76o"
            content=""""
          />
        </div>
      </label>
      <label
        class="css-4g6ai3"
      >
        <input
          hidden=""
        />
        <div
          class="css-90x6df"
        >
          <div
            aria-label=""
            class="css-1h4dol3"
            content=""""
          />
        </div>
      </label>
      <label
        class="css-4g6ai3"
      >
        <input
          hidden=""
        />
        <div
          class="css-10lllrq"
        >
          <div
            aria-label=""
            class="css-1h97wqx"
            content=""""
          />
        </div>
      </label>
      <label
        class="css-4g6ai3"
      >
        <input
          hidden=""
        />
        <div
          class="css-1bxy0tl"
        >
          <div
            aria-label=""
            class="css-v8t28h"
            content=""""
          />
        </div>
      </label>
      <label
        class="css-4g6ai3"
      >
        <input
          hidden=""
        />
        <div
          class="css-18na94k"
        >
          <div
            aria-label=""
            class="css-1ge6590"
            content=""""
          />
        </div>
      </label>
    </div>
  </div>
</div>
`;
