// Jest Snapshot v1, https://goo.gl/fbAQLP

exports[`CartIcon component Render correcty 1`] = `
{
  "asFragment": [Function],
  "baseElement": <body>
    <div>
      <div
        class="css-jueiek"
      >
        <div
          class="chakra-container css-bpa4bz"
        >
          <div
            class="css-i96wi2"
          >
            <div
              class="css-10ly6rs"
            >
              <h2
                class="chakra-heading css-af3y3i"
              >
                Grab Upto 50% Off On Selected Headphone
              </h2>
              <button
                class="chakra-button css-99vstr"
                type="button"
              >
                Buy Now
              </button>
            </div>
            <img
              alt="Image of banner"
              class="chakra-image css-53qf4y"
              src="https://firebasestorage.googleapis.com/v0/b/card-f9463.appspot.com/o/banner.png?alt=media&token=74d4d6cd-551b-4a73-96b7-5dfed2daf5ae"
            />
          </div>
        </div>
      </div>
    </div>
  </body>,
  "container": <div>
    <div
      class="css-jueiek"
    >
      <div
        class="chakra-container css-bpa4bz"
      >
        <div
          class="css-i96wi2"
        >
          <div
            class="css-10ly6rs"
          >
            <h2
              class="chakra-heading css-af3y3i"
            >
              Grab Upto 50% Off On Selected Headphone
            </h2>
            <button
              class="chakra-button css-99vstr"
              type="button"
            >
              Buy Now
            </button>
          </div>
          <img
            alt="Image of banner"
            class="chakra-image css-53qf4y"
            src="https://firebasestorage.googleapis.com/v0/b/card-f9463.appspot.com/o/banner.png?alt=media&token=74d4d6cd-551b-4a73-96b7-5dfed2daf5ae"
          />
        </div>
      </div>
    </div>
  </div>,
  "debug": [Function],
  "findAllByAltText": [Function],
  "findAllByDisplayValue": [Function],
  "findAllByLabelText": [Function],
  "findAllByPlaceholderText": [Function],
  "findAllByRole": [Function],
  "findAllByTestId": [Function],
  "findAllByText": [Function],
  "findAllByTitle": [Function],
  "findByAltText": [Function],
  "findByDisplayValue": [Function],
  "findByLabelText": [Function],
  "findByPlaceholderText": [Function],
  "findByRole": [Function],
  "findByTestId": [Function],
  "findByText": [Function],
  "findByTitle": [Function],
  "getAllByAltText": [Function],
  "getAllByDisplayValue": [Function],
  "getAllByLabelText": [Function],
  "getAllByPlaceholderText": [Function],
  "getAllByRole": [Function],
  "getAllByTestId": [Function],
  "getAllByText": [Function],
  "getAllByTitle": [Function],
  "getByAltText": [Function],
  "getByDisplayValue": [Function],
  "getByLabelText": [Function],
  "getByPlaceholderText": [Function],
  "getByRole": [Function],
  "getByTestId": [Function],
  "getByText": [Function],
  "getByTitle": [Function],
  "queryAllByAltText": [Function],
  "queryAllByDisplayValue": [Function],
  "queryAllByLabelText": [Function],
  "queryAllByPlaceholderText": [Function],
  "queryAllByRole": [Function],
  "queryAllByTestId": [Function],
  "queryAllByText": [Function],
  "queryAllByTitle": [Function],
  "queryByAltText": [Function],
  "queryByDisplayValue": [Function],
  "queryByLabelText": [Function],
  "queryByPlaceholderText": [Function],
  "queryByRole": [Function],
  "queryByTestId": [Function],
  "queryByText": [Function],
  "queryByTitle": [Function],
  "rerender": [Function],
  "unmount": [Function],
}
`;
